// Jest Snapshot v1, https://goo.gl/fbAQLP

exports[`./src/buildReportHTML should generate a report 1`] = `
"
  <!DOCTYPE html>
  <html>
    <head>
      <title>FoamTree Quick Start</title>
      <meta charset=\\"utf-8\\" />
    </head>
  
    <body>

      <div class=\\"container\\">
        <div id=\\"visualization\\"></div>
      </div>
      <div class=\\"tooltip\\"></div>

      <style>mock inlined contents</style>
      <script>
        window.TREE_DATA = {\\"groups\\":[{\\"label\\":\\"thing1\\",\\"weight\\":10},{\\"label\\":\\"thing2\\",\\"weight\\":20}]};
      </script>
      <script>mock inlined contents</script>
      <script>mock inlined contents</script>

    </body>
  </html>
  "
`;
